#
# There is insufficient memory for the Java Runtime Environment to continue.
# Native memory allocation (mmap) failed to map 264241152 bytes for G1 virtual space
# Possible reasons:
#   The system is out of physical RAM or swap space
#   The process is running with CompressedOops enabled, and the Java Heap may be blocking the growth of the native heap
# Possible solutions:
#   Reduce memory load on the system
#   Increase physical memory or swap space
#   Check if swap backing store is full
#   Decrease Java heap size (-Xmx/-Xms)
#   Decrease number of Java threads
#   Decrease Java thread stack sizes (-Xss)
#   Set larger code cache with -XX:ReservedCodeCacheSize=
#   JVM is running with Zero Based Compressed Oops mode in which the Java heap is
#     placed in the first 32GB address space. The Java Heap base address is the
#     maximum limit for the native heap growth. Please use -XX:HeapBaseMinAddress
#     to set the Java Heap base and to place the Java Heap above 32GB virtual address.
# This output file may be truncated or incomplete.
#
#  Out of Memory Error (os_windows.cpp:3613), pid=21448, tid=34900
#
# JRE version:  (17.0.9+9) (build )
# Java VM: OpenJDK 64-Bit Server VM (17.0.9+9, mixed mode, sharing, tiered, compressed oops, compressed class ptrs, g1 gc, windows-amd64)
# No core dump will be written. Minidumps are not enabled by default on client versions of Windows
#

---------------  S U M M A R Y ------------

Command Line: org.sonarsource.sonarlint.core.backend.cli.SonarLintServerCli

Host: 13th Gen Intel(R) Core(TM) i7-1355U, 12 cores, 15G,  Windows 11 , 64 bit Build 26100 (10.0.26100.7309)
Time: Mon Jan 19 14:47:21 2026 Arab Standard Time elapsed time: 0.010577 seconds (0d 0h 0m 0s)

---------------  T H R E A D  ---------------

Current thread (0x0000019930760110):  JavaThread "Unknown thread" [_thread_in_vm, id=34900, stack(0x0000006a49a00000,0x0000006a49b00000)]

Stack: [0x0000006a49a00000,0x0000006a49b00000]
Native frames: (J=compiled Java code, j=interpreted, Vv=VM code, C=native code)
V  [jvm.dll+0x67cf49]
V  [jvm.dll+0x83478a]
V  [jvm.dll+0x83624e]
V  [jvm.dll+0x8368b3]
V  [jvm.dll+0x247f1f]
V  [jvm.dll+0x679d69]
V  [jvm.dll+0x66e6ba]
V  [jvm.dll+0x307e5b]
V  [jvm.dll+0x30f306]
V  [jvm.dll+0x35f0ce]
V  [jvm.dll+0x35f2ff]
V  [jvm.dll+0x2dea58]
V  [jvm.dll+0x2df9c4]
V  [jvm.dll+0x806031]
V  [jvm.dll+0x36cf31]
V  [jvm.dll+0x7e4aac]
V  [jvm.dll+0x3f07af]
V  [jvm.dll+0x3f23e1]
C  [jli.dll+0x528f]
C  [ucrtbase.dll+0x37b0]
C  [KERNEL32.DLL+0x2e8d7]
C  [ntdll.dll+0x8c53c]


---------------  P R O C E S S  ---------------

Threads class SMR info:
_java_thread_list=0x00007ffb6623ee98, length=0, elements={
}

Java Threads: ( => current thread )

Other Threads:
  0x00000199307cd520 GCTaskThread "GC Thread#0" [stack: 0x0000006a49b00000,0x0000006a49c00000] [id=32576]
  0x00000199307dde90 ConcurrentGCThread "G1 Main Marker" [stack: 0x0000006a49c00000,0x0000006a49d00000] [id=24712]
  0x00000199307df490 ConcurrentGCThread "G1 Conc#0" [stack: 0x0000006a49d00000,0x0000006a49e00000] [id=35244]

[error occurred during error reporting (printing all threads), id 0xc0000005, EXCEPTION_ACCESS_VIOLATION (0xc0000005) at pc=0x00007ffb659ff497]

VM state: not at safepoint (not fully initialized)

VM Mutex/Monitor currently owned by a thread:  ([mutex/lock_event])
[0x000001993075c4b0] Heap_lock - owner thread: 0x0000019930760110

Heap address: 0x0000000704e00000, size: 4018 MB, Compressed Oops mode: Zero based, Oop shift amount: 3

CDS archive(s) mapped at: [0x0000000000000000-0x0000000000000000-0x0000000000000000), size 0, SharedBaseAddress: 0x0000000800000000, ArchiveRelocationMode: 1.
Narrow klass base: 0x0000000000000000, Narrow klass shift: 0, Narrow klass range: 0x0

GC Precious Log:
<Empty>

Heap:
 garbage-first heap   total 0K, used 0K [0x0000000704e00000, 0x0000000800000000)
  region size 2048K, 0 young (0K), 0 survivors (0K)

[error occurred during error reporting (printing heap information), id 0xc0000005, EXCEPTION_ACCESS_VIOLATION (0xc0000005) at pc=0x00007ffb65de6c79]

GC Heap History (0 events):
No events

Dll operation events (1 events):
Event: 0.007 Loaded shared library C:\USERS\USER\APPDATA\LOCAL\MICROSOFT\VISUALSTUDIO\17.0_837530ED\EXTENSIONS\VDXKQMTC.BAI\Sloop\jre\bin\java.dll

Deoptimization events (0 events):
No events

Classes unloaded (0 events):
No events

Classes redefined (0 events):
No events

Internal exceptions (0 events):
No events

VM Operations (0 events):
No events

Events (0 events):
No events


Dynamic libraries:
0x00007ff6e2f60000 - 0x00007ff6e2f6e000 	C:\USERS\USER\APPDATA\LOCAL\MICROSOFT\VISUALSTUDIO\17.0_837530ED\EXTENSIONS\VDXKQMTC.BAI\Sloop\jre\bin\java.exe
0x00007ffc41ac0000 - 0x00007ffc41d27000 	C:\WINDOWS\SYSTEM32\ntdll.dll
0x00007ffc3fd90000 - 0x00007ffc3fe59000 	C:\WINDOWS\System32\KERNEL32.DLL
0x00007ffc3ec10000 - 0x00007ffc3efff000 	C:\WINDOWS\System32\KERNELBASE.dll
0x00007ffc3f390000 - 0x00007ffc3f4db000 	C:\WINDOWS\System32\ucrtbase.dll
0x00007ffbf4060000 - 0x00007ffbf407b000 	C:\USERS\USER\APPDATA\LOCAL\MICROSOFT\VISUALSTUDIO\17.0_837530ED\EXTENSIONS\VDXKQMTC.BAI\Sloop\jre\bin\VCRUNTIME140.dll
0x00007ffbf4260000 - 0x00007ffbf4277000 	C:\USERS\USER\APPDATA\LOCAL\MICROSOFT\VISUALSTUDIO\17.0_837530ED\EXTENSIONS\VDXKQMTC.BAI\Sloop\jre\bin\jli.dll
0x00007ffc41680000 - 0x00007ffc41845000 	C:\WINDOWS\System32\USER32.dll
0x00007ffc260f0000 - 0x00007ffc26383000 	C:\WINDOWS\WinSxS\amd64_microsoft.windows.common-controls_6595b64144ccf1df_6.0.26100.7309_none_3e05feeae336a044\COMCTL32.dll
0x00007ffc3f4e0000 - 0x00007ffc3f507000 	C:\WINDOWS\System32\win32u.dll
0x00007ffc41240000 - 0x00007ffc412e9000 	C:\WINDOWS\System32\msvcrt.dll
0x00007ffc3fd10000 - 0x00007ffc3fd3b000 	C:\WINDOWS\System32\GDI32.dll
0x00007ffc3f510000 - 0x00007ffc3f63c000 	C:\WINDOWS\System32\gdi32full.dll
0x00007ffc3f640000 - 0x00007ffc3f6e3000 	C:\WINDOWS\System32\msvcp_win.dll
0x00007ffc418c0000 - 0x00007ffc418f1000 	C:\WINDOWS\System32\IMM32.DLL
0x00007ffc05ff0000 - 0x00007ffc05ffc000 	C:\USERS\USER\APPDATA\LOCAL\MICROSOFT\VISUALSTUDIO\17.0_837530ED\EXTENSIONS\VDXKQMTC.BAI\Sloop\jre\bin\vcruntime140_1.dll
0x00007ffb98cb0000 - 0x00007ffb98d3d000 	C:\USERS\USER\APPDATA\LOCAL\MICROSOFT\VISUALSTUDIO\17.0_837530ED\EXTENSIONS\VDXKQMTC.BAI\Sloop\jre\bin\msvcp140.dll
0x00007ffb65710000 - 0x00007ffb66371000 	C:\USERS\USER\APPDATA\LOCAL\MICROSOFT\VISUALSTUDIO\17.0_837530ED\EXTENSIONS\VDXKQMTC.BAI\Sloop\jre\bin\server\jvm.dll
0x00007ffc40950000 - 0x00007ffc40a04000 	C:\WINDOWS\System32\ADVAPI32.dll
0x00007ffc3fbc0000 - 0x00007ffc3fc66000 	C:\WINDOWS\System32\sechost.dll
0x00007ffc3f860000 - 0x00007ffc3f978000 	C:\WINDOWS\System32\RPCRT4.dll
0x00007ffc25ac0000 - 0x00007ffc25aca000 	C:\WINDOWS\SYSTEM32\WSOCK32.dll
0x00007ffc40b20000 - 0x00007ffc40b94000 	C:\WINDOWS\System32\WS2_32.dll
0x00007ffc3ea70000 - 0x00007ffc3eace000 	C:\WINDOWS\SYSTEM32\POWRPROF.dll
0x00007ffc39230000 - 0x00007ffc39265000 	C:\WINDOWS\SYSTEM32\WINMM.dll
0x00007ffc3d510000 - 0x00007ffc3d51b000 	C:\WINDOWS\SYSTEM32\VERSION.dll
0x00007ffc3ea50000 - 0x00007ffc3ea64000 	C:\WINDOWS\SYSTEM32\UMPDC.dll
0x00007ffc3d980000 - 0x00007ffc3d99b000 	C:\WINDOWS\SYSTEM32\kernel.appcore.dll
0x00007ffc05ae0000 - 0x00007ffc05aea000 	C:\USERS\USER\APPDATA\LOCAL\MICROSOFT\VISUALSTUDIO\17.0_837530ED\EXTENSIONS\VDXKQMTC.BAI\Sloop\jre\bin\jimage.dll
0x00007ffc3bf50000 - 0x00007ffc3c192000 	C:\WINDOWS\SYSTEM32\DBGHELP.DLL
0x00007ffc3fe60000 - 0x00007ffc401e5000 	C:\WINDOWS\System32\combase.dll
0x00007ffc41160000 - 0x00007ffc41236000 	C:\WINDOWS\System32\OLEAUT32.dll
0x00007ffc26080000 - 0x00007ffc260bc000 	C:\WINDOWS\SYSTEM32\dbgcore.DLL
0x00007ffc3f6f0000 - 0x00007ffc3f795000 	C:\WINDOWS\System32\bcryptPrimitives.dll
0x00007ffbdcad0000 - 0x00007ffbdcaf5000 	C:\USERS\USER\APPDATA\LOCAL\MICROSOFT\VISUALSTUDIO\17.0_837530ED\EXTENSIONS\VDXKQMTC.BAI\Sloop\jre\bin\java.dll

dbghelp: loaded successfully - version: 4.0.5 - missing functions: none
symbol engine: initialized successfully - sym options: 0x614 - pdb path: .;C:\USERS\USER\APPDATA\LOCAL\MICROSOFT\VISUALSTUDIO\17.0_837530ED\EXTENSIONS\VDXKQMTC.BAI\Sloop\jre\bin;C:\WINDOWS\SYSTEM32;C:\WINDOWS\WinSxS\amd64_microsoft.windows.common-controls_6595b64144ccf1df_6.0.26100.7309_none_3e05feeae336a044;C:\USERS\USER\APPDATA\LOCAL\MICROSOFT\VISUALSTUDIO\17.0_837530ED\EXTENSIONS\VDXKQMTC.BAI\Sloop\jre\bin\server

VM Arguments:
java_command: org.sonarsource.sonarlint.core.backend.cli.SonarLintServerCli
java_class_path (initial): C:\USERS\USER\APPDATA\LOCAL\MICROSOFT\VISUALSTUDIO\17.0_837530ED\EXTENSIONS\VDXKQMTC.BAI\Sloop\lib\annotations-13.0.jar;C:\USERS\USER\APPDATA\LOCAL\MICROSOFT\VISUALSTUDIO\17.0_837530ED\EXTENSIONS\VDXKQMTC.BAI\Sloop\lib\ayza-10.0.0.jar;C:\USERS\USER\APPDATA\LOCAL\MICROSOFT\VISUALSTUDIO\17.0_837530ED\EXTENSIONS\VDXKQMTC.BAI\Sloop\lib\checker-qual-3.43.0.jar;C:\USERS\USER\APPDATA\LOCAL\MICROSOFT\VISUALSTUDIO\17.0_837530ED\EXTENSIONS\VDXKQMTC.BAI\Sloop\lib\commons-codec-1.17.2.jar;C:\USERS\USER\APPDATA\LOCAL\MICROSOFT\VISUALSTUDIO\17.0_837530ED\EXTENSIONS\VDXKQMTC.BAI\Sloop\lib\commons-compress-1.27.1.jar;C:\USERS\USER\APPDATA\LOCAL\MICROSOFT\VISUALSTUDIO\17.0_837530ED\EXTENSIONS\VDXKQMTC.BAI\Sloop\lib\commons-csv-1.13.0.jar;C:\USERS\USER\APPDATA\LOCAL\MICROSOFT\VISUALSTUDIO\17.0_837530ED\EXTENSIONS\VDXKQMTC.BAI\Sloop\lib\commons-io-2.18.0.jar;C:\USERS\USER\APPDATA\LOCAL\MICROSOFT\VISUALSTUDIO\17.0_837530ED\EXTENSIONS\VDXKQMTC.BAI\Sloop\lib\commons-lang3-3.18.0.jar;C:\USERS\USER\APPDATA\LOCAL\MICROSOFT\VISUALSTUDIO\17.0_837530ED\EXTENSIONS\VDXKQMTC.BAI\Sloop\lib\commons-text-1.13.1.jar;C:\USERS\USER\APPDATA\LOCAL\MICROSOFT\VISUALSTUDIO\17.0_837530ED\EXTENSIONS\VDXKQMTC.BAI\Sloop\lib\error_prone_annotations-2.36.0.jar;C:\USERS\USER\APPDATA\LOCAL\MICROSOFT\VISUALSTUDIO\17.0_837530ED\EXTENSIONS\VDXKQMTC.BAI\Sloop\lib\failureaccess-1.0.2.jar;C:\USERS\USER\APPDATA\LOCAL\MICROSOFT\VISUALSTUDIO\17.0_837530ED\EXTENSIONS\VDXKQMTC.BAI\Sloop\lib\flyway-core-11.14.0.jar;C:\USERS\USER\APPDATA\LOCAL\MICROSOFT\VISUALSTUDIO\17.0_837530ED\EXTENSIONS\VDXKQMTC.BAI\Sloop\lib\git-files-blame-2.0.1.17.jar;C:\USERS\USER\APPDATA\LOCAL\MICROSOFT\VISUALSTUDIO\17.0_837530ED\EXTENSIONS\VDXKQMTC.BAI\Sloop\lib\gson-2.10.jar;C:\USERS\USER\APPDATA\LOCAL\MICROSOFT\VISUALSTUDIO\17.0_837530ED\EXTENSIONS\VDXKQMTC.BAI\Sloop\lib\guava-33.4.0-jre.jar;C:\USERS\USER\APPDATA\LOCAL\MICROSOFT\VISUALSTUDIO\17.0_837530ED\EXTENSIONS\VDXKQMTC.BAI\Sloop\lib\h2-2.4.240.jar;C:\USERS\USER\APP
Launcher Type: SUN_STANDARD

[Global flags]
     intx CICompilerCount                          = 4                                         {product} {ergonomic}
     uint ConcGCThreads                            = 3                                         {product} {ergonomic}
     uint G1ConcRefinementThreads                  = 10                                        {product} {ergonomic}
   size_t G1HeapRegionSize                         = 2097152                                   {product} {ergonomic}
    uintx GCDrainStackTargetSize                   = 64                                        {product} {ergonomic}
   size_t InitialHeapSize                          = 264241152                                 {product} {ergonomic}
   size_t MarkStackSize                            = 4194304                                   {product} {ergonomic}
   size_t MaxHeapSize                              = 4213178368                                {product} {ergonomic}
   size_t MinHeapDeltaBytes                        = 2097152                                   {product} {ergonomic}
   size_t MinHeapSize                              = 8388608                                   {product} {ergonomic}
    uintx NonNMethodCodeHeapSize                   = 5839372                                {pd product} {ergonomic}
    uintx NonProfiledCodeHeapSize                  = 122909434                              {pd product} {ergonomic}
    uintx ProfiledCodeHeapSize                     = 122909434                              {pd product} {ergonomic}
    uintx ReservedCodeCacheSize                    = 251658240                              {pd product} {ergonomic}
     bool SegmentedCodeCache                       = true                                      {product} {ergonomic}
   size_t SoftMaxHeapSize                          = 4213178368                             {manageable} {ergonomic}
     bool UseCompressedClassPointers               = true                           {product lp64_product} {ergonomic}
     bool UseCompressedOops                        = true                           {product lp64_product} {ergonomic}
     bool UseG1GC                                  = true                                      {product} {ergonomic}
     bool UseLargePagesIndividualAllocation        = false                                  {pd product} {ergonomic}

Logging:
Log output configuration:
 #0: stdout all=warning uptime,level,tags
 #1: stderr all=off uptime,level,tags

Environment Variables:
PATH=C:\Program Files\Microsoft MPI\Bin\;C:\Python313\Scripts\;C:\Python313\;C:\Program Files\Common Files\Oracle\Java\javapath;C:\Python312\Scripts\;C:\Python312\;C:\WINDOWS\system32;C:\WINDOWS;C:\WINDOWS\System32\Wbem;C:\WINDOWS\System32\WindowsPowerShell\v1.0\;C:\WINDOWS\System32\OpenSSH\;C:\Program Files\Microsoft SQL Server\150\Tools\Binn\;C:\Program Files\Microsoft SQL Server\Client SDK\ODBC\170\Tools\Binn\;C:\Program Files (x86)\Microsoft SQL Server\160\Tools\Binn\;C:\Program Files\Microsoft SQL Server\160\Tools\Binn\;C:\Program Files\Microsoft SQL Server\160\DTS\Binn\;C:\Program Files\Git\cmd;C:\Program Files\Microsoft SQL Server\130\DTS\Binn\;C:\Program Files\Microsoft SQL Server\140\DTS\Binn\;C:\Program Files\Microsoft SQL Server\150\DTS\Binn\;C:\flutter;C:\flutter\bin;C:\Program Files\Dart\dart-sdk\bin;C:\ProgramData\chocolatey\bin;C:\Program Files\Docker\Docker\resources\bin;C:\Program Files\Java\jdk-17;C:\Program Files\Java\jdk-17\bin;C:\Users\USER\AppData\Local\Android\Sdk\build-tools;C:\Users\USER\AppData\Local\Android\Sdk\platform-tools;C:\Users\USER\AppData\Local\Android\Sdk\cmdline-tools\latest\bin;C:\Program Files\dotnet\;C:\Program Files\nodejs\;C:\Program Files (x86)\Microsoft SQL Server\160\DTS\Binn\;c:\Users\USER\AppData\Local\Programs\cursor\resources\app\bin;c:\Users\USER\AppData\Local\Programs\cursor\resources\app\bin;C:\Users\USER\AppData\Local\Microsoft\WindowsApps;C:\Users\USER\AppData\Local\Programs\Microsoft VS Code\bin;C:\Program Files\JetBrains\PyCharm Community Edition 2024.1.4\bin;;C:\Users\USER\AppData\Roaming\npm;C:\Users\USER\AppData\Local\Programs\cursor\resources\app\bin;C:\Users\USER\AppData\Local\Microsoft\WinGet\Packages\FiloSottile.mkcert_Microsoft.Winget.Source_8wekyb3d8bbwe;C:\Users\USER\AppData\Local\GitHubDesktop\bin;C:\Users\USER\.dotnet\tools;C:\Users\USER\AppData\Local\Programs\Antigravity\bin
USERNAME=USER
OS=Windows_NT
PROCESSOR_IDENTIFIER=Intel64 Family 6 Model 186 Stepping 3, GenuineIntel
TMP=C:\Users\USER\AppData\Local\Temp
TEMP=C:\Users\USER\AppData\Local\Temp



Periodic native trim disabled


---------------  S Y S T E M  ---------------

OS:
 Windows 11 , 64 bit Build 26100 (10.0.26100.7309)
OS uptime: 4 days 3:05 hours
Hyper-V role detected

CPU: total 12 (initial active 12) (6 cores per cpu, 2 threads per core) family 6 model 186 stepping 3 microcode 0x4119, cx8, cmov, fxsr, ht, mmx, 3dnowpref, sse, sse2, sse3, ssse3, sse4.1, sse4.2, popcnt, lzcnt, tsc, tscinvbit, avx, avx2, aes, erms, clmul, bmi1, bmi2, adx, sha, fma, vzeroupper, clflush, clflushopt, clwb, hv
Processor Information for processor 0
  Max Mhz: 1700, Current Mhz: 1700, Mhz Limit: 1700
Processor Information for processor 1
  Max Mhz: 1700, Current Mhz: 1700, Mhz Limit: 1700
Processor Information for processor 2
  Max Mhz: 1700, Current Mhz: 1700, Mhz Limit: 1700
Processor Information for processor 3
  Max Mhz: 1700, Current Mhz: 1700, Mhz Limit: 1700
Processor Information for processor 4
  Max Mhz: 1700, Current Mhz: 1200, Mhz Limit: 1190
Processor Information for processor 5
  Max Mhz: 1700, Current Mhz: 1200, Mhz Limit: 1190
Processor Information for processor 6
  Max Mhz: 1700, Current Mhz: 1200, Mhz Limit: 1190
Processor Information for processor 7
  Max Mhz: 1700, Current Mhz: 1200, Mhz Limit: 1190
Processor Information for processor 8
  Max Mhz: 1700, Current Mhz: 1200, Mhz Limit: 1190
Processor Information for processor 9
  Max Mhz: 1700, Current Mhz: 1200, Mhz Limit: 1190
Processor Information for processor 10
  Max Mhz: 1700, Current Mhz: 1200, Mhz Limit: 1190
Processor Information for processor 11
  Max Mhz: 1700, Current Mhz: 1200, Mhz Limit: 1190

Memory: 4k page, system-wide physical 16065M (1149M free)
TotalPageFile size 37245M (AvailPageFile size 243M)
current process WorkingSet (physical memory assigned to process): 12M, peak: 12M
current process commit charge ("private bytes"): 65M, peak: 316M

vm_info: OpenJDK 64-Bit Server VM (17.0.9+9) for windows-amd64 JRE (17.0.9+9), built on Oct 26 2023 14:01:42 by "admin" with MS VC++ 16.10 / 16.11 (VS2019)

END.
