#
# There is insufficient memory for the Java Runtime Environment to continue.
# Native memory allocation (mmap) failed to map 20971520 bytes for G1 virtual space
# Possible reasons:
#   The system is out of physical RAM or swap space
#   The process is running with CompressedOops enabled, and the Java Heap may be blocking the growth of the native heap
# Possible solutions:
#   Reduce memory load on the system
#   Increase physical memory or swap space
#   Check if swap backing store is full
#   Decrease Java heap size (-Xmx/-Xms)
#   Decrease number of Java threads
#   Decrease Java thread stack sizes (-Xss)
#   Set larger code cache with -XX:ReservedCodeCacheSize=
#   JVM is running with Zero Based Compressed Oops mode in which the Java heap is
#     placed in the first 32GB address space. The Java Heap base address is the
#     maximum limit for the native heap growth. Please use -XX:HeapBaseMinAddress
#     to set the Java Heap base and to place the Java Heap above 32GB virtual address.
# This output file may be truncated or incomplete.
#
#  Out of Memory Error (os_windows.cpp:3613), pid=13760, tid=33696
#
# JRE version: OpenJDK Runtime Environment Temurin-17.0.9+9 (17.0.9+9) (build 17.0.9+9)
# Java VM: OpenJDK 64-Bit Server VM Temurin-17.0.9+9 (17.0.9+9, mixed mode, sharing, tiered, compressed oops, compressed class ptrs, g1 gc, windows-amd64)
# No core dump will be written. Minidumps are not enabled by default on client versions of Windows
#

---------------  S U M M A R Y ------------

Command Line: org.sonarsource.sonarlint.core.backend.cli.SonarLintServerCli

Host: 13th Gen Intel(R) Core(TM) i7-1355U, 12 cores, 15G,  Windows 11 , 64 bit Build 26100 (10.0.26100.7309)
Time: Mon Jan 19 14:47:21 2026 Arab Standard Time elapsed time: 7.785698 seconds (0d 0h 0m 7s)

---------------  T H R E A D  ---------------

Current thread (0x00000215ab05b0e0):  VMThread "VM Thread" [stack: 0x000000fb75900000,0x000000fb75a00000] [id=33696]

Stack: [0x000000fb75900000,0x000000fb75a00000]
Native frames: (J=compiled Java code, j=interpreted, Vv=VM code, C=native code)
V  [jvm.dll+0x67cf49]
V  [jvm.dll+0x83478a]
V  [jvm.dll+0x83624e]
V  [jvm.dll+0x8368b3]
V  [jvm.dll+0x247f1f]
V  [jvm.dll+0x679d69]
V  [jvm.dll+0x66e6ba]
V  [jvm.dll+0x307e5b]
V  [jvm.dll+0x30f306]
V  [jvm.dll+0x35f0ce]
V  [jvm.dll+0x35f2ff]
V  [jvm.dll+0x2dea58]
V  [jvm.dll+0x2dcc34]
V  [jvm.dll+0x2dc23c]
V  [jvm.dll+0x3202bb]
V  [jvm.dll+0x83adab]
V  [jvm.dll+0x83baf1]
V  [jvm.dll+0x83c00d]
V  [jvm.dll+0x83c3e4]
V  [jvm.dll+0x83c4b0]
V  [jvm.dll+0x7e3c3a]
V  [jvm.dll+0x67be35]
C  [ucrtbase.dll+0x37b0]
C  [KERNEL32.DLL+0x2e8d7]
C  [ntdll.dll+0x8c53c]

VM_Operation (0x000000fb78bfb9f0): G1CollectForAllocation, mode: safepoint, requested by thread 0x00000215f15f0090


---------------  P R O C E S S  ---------------

Threads class SMR info:
_java_thread_list=0x00000215f2e3e360, length=43, elements={
0x000002158a94fd10, 0x00000215ab05d870, 0x00000215ab05e140, 0x00000215ab071b30,
0x00000215ab074410, 0x00000215ab0754f0, 0x00000215ab075dc0, 0x00000215ab078a90,
0x00000215ab0cbf90, 0x00000215ab0ee5a0, 0x00000215ab19c2d0, 0x00000215ab1baff0,
0x00000215abd07040, 0x00000215abccc860, 0x00000215abd55510, 0x00000215f1337b80,
0x00000215f11b84c0, 0x00000215f11b7080, 0x00000215f11b7aa0, 0x00000215f11b7fb0,
0x00000215f11b89d0, 0x00000215f15ec8e0, 0x00000215f15ecdf0, 0x00000215f15eaf90,
0x00000215f15ea060, 0x00000215f15eb4a0, 0x00000215f15ed300, 0x00000215f15eb9b0,
0x00000215f15ed810, 0x00000215f24db4b0, 0x00000215f15ea570, 0x00000215f15ef160,
0x00000215f15f14d0, 0x00000215f15f19e0, 0x00000215f15ee230, 0x00000215f15ee740,
0x00000215f15f0090, 0x00000215f15eec50, 0x00000215f15f05a0, 0x00000215f15efb80,
0x00000215f15ef670, 0x00000215f15f0ab0, 0x00000215f40967c0
}

Java Threads: ( => current thread )
  0x000002158a94fd10 JavaThread "main" [_thread_blocked, id=12624, stack(0x000000fb75300000,0x000000fb75400000)]
  0x00000215ab05d870 JavaThread "Reference Handler" daemon [_thread_blocked, id=37256, stack(0x000000fb75a00000,0x000000fb75b00000)]
  0x00000215ab05e140 JavaThread "Finalizer" daemon [_thread_blocked, id=20324, stack(0x000000fb75b00000,0x000000fb75c00000)]
  0x00000215ab071b30 JavaThread "Signal Dispatcher" daemon [_thread_blocked, id=27216, stack(0x000000fb75c00000,0x000000fb75d00000)]
  0x00000215ab074410 JavaThread "Attach Listener" daemon [_thread_blocked, id=25088, stack(0x000000fb75d00000,0x000000fb75e00000)]
  0x00000215ab0754f0 JavaThread "Service Thread" daemon [_thread_blocked, id=17640, stack(0x000000fb75e00000,0x000000fb75f00000)]
  0x00000215ab075dc0 JavaThread "Monitor Deflation Thread" daemon [_thread_blocked, id=28980, stack(0x000000fb75f00000,0x000000fb76000000)]
  0x00000215ab078a90 JavaThread "C2 CompilerThread0" daemon [_thread_blocked, id=29444, stack(0x000000fb76000000,0x000000fb76100000)]
  0x00000215ab0cbf90 JavaThread "C1 CompilerThread0" daemon [_thread_blocked, id=36140, stack(0x000000fb76100000,0x000000fb76200000)]
  0x00000215ab0ee5a0 JavaThread "Sweeper thread" daemon [_thread_blocked, id=23376, stack(0x000000fb76200000,0x000000fb76300000)]
  0x00000215ab19c2d0 JavaThread "Notification Thread" daemon [_thread_blocked, id=20292, stack(0x000000fb76300000,0x000000fb76400000)]
  0x00000215ab1baff0 JavaThread "Common-Cleaner" daemon [_thread_blocked, id=14912, stack(0x000000fb76500000,0x000000fb76600000)]
  0x00000215abd07040 JavaThread "Server message writer" [_thread_blocked, id=23956, stack(0x000000fb76d00000,0x000000fb76e00000)]
  0x00000215abccc860 JavaThread "Server message writer" [_thread_blocked, id=33036, stack(0x000000fb76e00000,0x000000fb76f00000)]
  0x00000215abd55510 JavaThread "Server message reader" [_thread_blocked, id=35460, stack(0x000000fb76f00000,0x000000fb77000000)]
  0x00000215f1337b80 JavaThread "SonarLint Server RPC sequential executor" [_thread_blocked, id=1936, stack(0x000000fb77000000,0x000000fb77100000)]
  0x00000215f11b84c0 JavaThread "httpclient-main-1" daemon [_thread_blocked, id=34772, stack(0x000000fb77700000,0x000000fb77800000)]
  0x00000215f11b7080 JavaThread "httpclient-dispatch-1" daemon [_thread_in_native, id=21528, stack(0x000000fb77800000,0x000000fb77900000)]
  0x00000215f11b7aa0 JavaThread "httpclient-dispatch-2" daemon [_thread_in_native, id=22632, stack(0x000000fb77900000,0x000000fb77a00000)]
  0x00000215f11b7fb0 JavaThread "httpclient-dispatch-3" daemon [_thread_in_native, id=37608, stack(0x000000fb77a00000,0x000000fb77b00000)]
  0x00000215f11b89d0 JavaThread "httpclient-dispatch-4" daemon [_thread_in_native, id=36576, stack(0x000000fb77b00000,0x000000fb77c00000)]
  0x00000215f15ec8e0 JavaThread "httpclient-dispatch-5" daemon [_thread_in_native, id=38356, stack(0x000000fb77c00000,0x000000fb77d00000)]
  0x00000215f15ecdf0 JavaThread "httpclient-dispatch-6" daemon [_thread_in_native, id=12964, stack(0x000000fb77d00000,0x000000fb77e00000)]
  0x00000215f15eaf90 JavaThread "httpclient-dispatch-7" daemon [_thread_in_native, id=20904, stack(0x000000fb77e00000,0x000000fb77f00000)]
  0x00000215f15ea060 JavaThread "httpclient-dispatch-8" daemon [_thread_in_native, id=32724, stack(0x000000fb77f00000,0x000000fb78000000)]
  0x00000215f15eb4a0 JavaThread "httpclient-dispatch-9" daemon [_thread_in_native, id=41364, stack(0x000000fb78000000,0x000000fb78100000)]
  0x00000215f15ed300 JavaThread "httpclient-dispatch-10" daemon [_thread_in_native, id=20852, stack(0x000000fb78100000,0x000000fb78200000)]
  0x00000215f15eb9b0 JavaThread "httpclient-dispatch-11" daemon [_thread_in_native, id=13292, stack(0x000000fb78200000,0x000000fb78300000)]
  0x00000215f15ed810 JavaThread "httpclient-dispatch-12" daemon [_thread_in_native, id=38444, stack(0x000000fb78300000,0x000000fb78400000)]
  0x00000215f24db4b0 JavaThread "C2 CompilerThread1" daemon [_thread_blocked, id=9696, stack(0x000000fb77300000,0x000000fb77400000)]
  0x00000215f15ea570 JavaThread "SonarLint Telemetry" [_thread_blocked, id=17704, stack(0x000000fb77400000,0x000000fb77500000)]
  0x00000215f15ef160 JavaThread "HTTP-listener-64122-1" [_thread_in_native, id=22180, stack(0x000000fb78500000,0x000000fb78600000)]
  0x00000215f15f14d0 JavaThread "SonarLint Local Storage Synchronizer" [_thread_blocked, id=34632, stack(0x000000fb78600000,0x000000fb78700000)]
  0x00000215f15f19e0 JavaThread "sonarlint-filesystem" [_thread_blocked, id=35692, stack(0x000000fb78700000,0x000000fb78800000)]
  0x00000215f15ee230 JavaThread "Binding Suggestion Provider" [_thread_blocked, id=36040, stack(0x000000fb78800000,0x000000fb78900000)]
  0x00000215f15ee740 JavaThread "HttpClient-1-SelectorManager" daemon [_thread_in_native, id=30784, stack(0x000000fb78a00000,0x000000fb78b00000)]
  0x00000215f15f0090 JavaThread "sonarlint-analysis-scheduler" [_thread_blocked, id=28860, stack(0x000000fb78b00000,0x000000fb78c00000)]
  0x00000215f15eec50 JavaThread "sonarlint-websocket-subscriber" [_thread_blocked, id=5476, stack(0x000000fb78c00000,0x000000fb78d00000)]
  0x00000215f15f05a0 JavaThread "sonarlint-server-sent-events-subscriber" [_thread_blocked, id=32916, stack(0x000000fb78d00000,0x000000fb78e00000)]
  0x00000215f15efb80 JavaThread "SonarLint Server RPC request executor" [_thread_blocked, id=25432, stack(0x000000fb78e00000,0x000000fb78f00000)]
  0x00000215f15ef670 JavaThread "SonarLint Server RPC request executor" [_thread_blocked, id=22836, stack(0x000000fb79300000,0x000000fb79400000)]
  0x00000215f15f0ab0 JavaThread "sonarlint-file-exclusions" [_thread_blocked, id=9124, stack(0x000000fb78900000,0x000000fb78a00000)]
  0x00000215f40967c0 JavaThread "C2 CompilerThread2" daemon [_thread_blocked, id=41616, stack(0x000000fb79400000,0x000000fb79500000)]

Other Threads:
=>0x00000215ab05b0e0 VMThread "VM Thread" [stack: 0x000000fb75900000,0x000000fb75a00000] [id=33696]
  0x00000215ab1ad9f0 WatcherThread [stack: 0x000000fb76400000,0x000000fb76500000] [id=11780]
  0x000002158a9bb940 GCTaskThread "GC Thread#0" [stack: 0x000000fb75400000,0x000000fb75500000] [id=23084]
  0x00000215aba93a80 GCTaskThread "GC Thread#1" [stack: 0x000000fb76700000,0x000000fb76800000] [id=7904]
  0x00000215abccf320 GCTaskThread "GC Thread#2" [stack: 0x000000fb76800000,0x000000fb76900000] [id=25608]
  0x00000215abccf5e0 GCTaskThread "GC Thread#3" [stack: 0x000000fb76900000,0x000000fb76a00000] [id=6888]
  0x00000215abccf8a0 GCTaskThread "GC Thread#4" [stack: 0x000000fb76a00000,0x000000fb76b00000] [id=24196]
  0x00000215abd5d760 GCTaskThread "GC Thread#5" [stack: 0x000000fb76b00000,0x000000fb76c00000] [id=7160]
  0x00000215f10a84f0 GCTaskThread "GC Thread#6" [stack: 0x000000fb76c00000,0x000000fb76d00000] [id=3148]
  0x00000215abcbf6b0 GCTaskThread "GC Thread#7" [stack: 0x000000fb76600000,0x000000fb76700000] [id=26068]
  0x00000215abcbf970 GCTaskThread "GC Thread#8" [stack: 0x000000fb77100000,0x000000fb77200000] [id=17312]
  0x00000215abcbfc30 GCTaskThread "GC Thread#9" [stack: 0x000000fb77200000,0x000000fb77300000] [id=11644]
  0x000002158a9cc2b0 ConcurrentGCThread "G1 Main Marker" [stack: 0x000000fb75500000,0x000000fb75600000] [id=23564]
  0x000002158a9cd8b0 ConcurrentGCThread "G1 Conc#0" [stack: 0x000000fb75600000,0x000000fb75700000] [id=2432]
  0x00000215f2040d30 ConcurrentGCThread "G1 Conc#1" [stack: 0x000000fb77500000,0x000000fb77600000] [id=41120]
  0x00000215f23d26a0 ConcurrentGCThread "G1 Conc#2" [stack: 0x000000fb77600000,0x000000fb77700000] [id=5584]
  0x00000215aaf04e30 ConcurrentGCThread "G1 Refine#0" [stack: 0x000000fb75700000,0x000000fb75800000] [id=16768]
  0x00000215f2db5f90 ConcurrentGCThread "G1 Refine#1" [stack: 0x000000fb78f00000,0x000000fb79000000] [id=22052]
  0x00000215f2db6280 ConcurrentGCThread "G1 Refine#2" [stack: 0x000000fb79000000,0x000000fb79100000] [id=21324]
  0x00000215f49d3700 ConcurrentGCThread "G1 Refine#3" [stack: 0x000000fb79100000,0x000000fb79200000] [id=40144]
  0x00000215f49d2560 ConcurrentGCThread "G1 Refine#4" [stack: 0x000000fb79200000,0x000000fb79300000] [id=32988]
  0x00000215aaf05770 ConcurrentGCThread "G1 Service" [stack: 0x000000fb75800000,0x000000fb75900000] [id=24708]

Threads with active compile tasks:
C2 CompilerThread0     7803 5462   !   4       org.sonarsource.analyzer.commons.internal.json.simple.parser.Yylex::yylex (907 bytes)
C2 CompilerThread1     7803 5524   !   4       org.sonarsource.analyzer.commons.internal.json.simple.parser.Yylex::yylex (907 bytes)
C2 CompilerThread2     7803 5441   !   4       jdk.internal.loader.BuiltinClassLoader::findClassOnClassPathOrNull (64 bytes)

VM state: at safepoint (normal execution)

VM Mutex/Monitor currently owned by a thread:  ([mutex/lock_event])
[0x000002158a94b700] Threads_lock - owner thread: 0x00000215ab05b0e0
[0x000002158a94b8b0] Heap_lock - owner thread: 0x00000215f15f0090

Heap address: 0x0000000704e00000, size: 4018 MB, Compressed Oops mode: Zero based, Oop shift amount: 3

CDS archive(s) mapped at: [0x00000215ac000000-0x00000215aca40000-0x00000215aca40000), size 10747904, SharedBaseAddress: 0x00000215ac000000, ArchiveRelocationMode: 1.
Compressed class space mapped at: 0x00000215ad000000-0x00000215ed000000, reserved size: 1073741824
Narrow klass base: 0x00000215ac000000, Narrow klass shift: 0, Narrow klass range: 0x100000000

GC Precious Log:
 CPUs: 12 total, 12 available
 Memory: 16065M
 Large Page Support: Disabled
 NUMA Support: Disabled
 Compressed Oops: Enabled (Zero based)
 Heap Region Size: 2M
 Heap Min Capacity: 8M
 Heap Initial Capacity: 252M
 Heap Max Capacity: 4018M
 Pre-touch: Disabled
 Parallel Workers: 10
 Concurrent Workers: 3
 Concurrent Refinement Workers: 10
 Periodic GC: Disabled

Heap:
 garbage-first heap   total 100352K, used 47588K [0x0000000704e00000, 0x0000000800000000)
  region size 2048K, 3 young (6144K), 3 survivors (6144K)
 Metaspace       used 56827K, committed 57536K, reserved 1114112K
  class space    used 6249K, committed 6592K, reserved 1048576K

Heap Regions: E=young(eden), S=young(survivor), O=old, HS=humongous(starts), HC=humongous(continues), CS=collection set, F=free, OA=open archive, CA=closed archive, TAMS=top-at-mark-start (previous, next)
|   0|0x0000000704e00000, 0x0000000705000000, 0x0000000705000000|100%| O|  |TAMS 0x0000000705000000, 0x0000000704e00000| Untracked 
|   1|0x0000000705000000, 0x0000000705200000, 0x0000000705200000|100%| O|  |TAMS 0x0000000705200000, 0x0000000705000000| Untracked 
|   2|0x0000000705200000, 0x0000000705400000, 0x0000000705400000|100%| O|  |TAMS 0x0000000705400000, 0x0000000705200000| Untracked 
|   3|0x0000000705400000, 0x0000000705600000, 0x0000000705600000|100%| O|  |TAMS 0x0000000705600000, 0x0000000705400000| Untracked 
|   4|0x0000000705600000, 0x0000000705800000, 0x0000000705800000|100%| O|  |TAMS 0x0000000705800000, 0x0000000705600000| Untracked 
|   5|0x0000000705800000, 0x0000000705a00000, 0x0000000705a00000|100%| O|  |TAMS 0x0000000705a00000, 0x0000000705800000| Untracked 
|   6|0x0000000705a00000, 0x0000000705c00000, 0x0000000705c00000|100%| O|  |TAMS 0x0000000705c00000, 0x0000000705a00000| Untracked 
|   7|0x0000000705c00000, 0x0000000705e00000, 0x0000000705e00000|100%| O|  |TAMS 0x0000000705e00000, 0x0000000705c00000| Untracked 
|   8|0x0000000705e00000, 0x0000000706000000, 0x0000000706000000|100%| O|  |TAMS 0x0000000706000000, 0x0000000705e00000| Untracked 
|   9|0x0000000706000000, 0x0000000706200000, 0x0000000706200000|100%| O|  |TAMS 0x0000000706200000, 0x0000000706000000| Untracked 
|  10|0x0000000706200000, 0x0000000706400000, 0x0000000706400000|100%| O|  |TAMS 0x0000000706400000, 0x0000000706200000| Untracked 
|  11|0x0000000706400000, 0x0000000706600000, 0x0000000706600000|100%| O|  |TAMS 0x0000000706600000, 0x0000000706400000| Untracked 
|  12|0x0000000706600000, 0x0000000706800000, 0x0000000706800000|100%| O|  |TAMS 0x0000000706800000, 0x0000000706600000| Untracked 
|  13|0x0000000706800000, 0x0000000706a00000, 0x0000000706a00000|100%| O|  |TAMS 0x0000000706a00000, 0x0000000706800000| Untracked 
|  14|0x0000000706a00000, 0x0000000706c00000, 0x0000000706c00000|100%| O|  |TAMS 0x0000000706c00000, 0x0000000706a00000| Untracked 
|  15|0x0000000706c00000, 0x0000000706e00000, 0x0000000706e00000|100%| O|  |TAMS 0x0000000706cf0600, 0x0000000706c00000| Untracked 
|  16|0x0000000706e00000, 0x0000000707000000, 0x0000000707000000|100%| O|  |TAMS 0x0000000706e00000, 0x0000000706e00000| Untracked 
|  17|0x0000000707000000, 0x0000000707200000, 0x0000000707200000|100%| O|  |TAMS 0x0000000707000000, 0x0000000707000000| Untracked 
|  18|0x0000000707200000, 0x0000000707400000, 0x0000000707400000|100%| O|  |TAMS 0x0000000707200000, 0x0000000707200000| Untracked 
|  19|0x0000000707400000, 0x0000000707600000, 0x0000000707600000|100%| O|  |TAMS 0x0000000707400000, 0x0000000707400000| Untracked 
|  20|0x0000000707600000, 0x0000000707762400, 0x0000000707800000| 69%| O|  |TAMS 0x0000000707600000, 0x0000000707600000| Untracked 
|  21|0x0000000707800000, 0x0000000707800000, 0x0000000707a00000|  0%| F|  |TAMS 0x0000000707800000, 0x0000000707800000| Untracked 
|  22|0x0000000707a00000, 0x0000000707a00000, 0x0000000707c00000|  0%| F|  |TAMS 0x0000000707a00000, 0x0000000707a00000| Untracked 
|  23|0x0000000707c00000, 0x0000000707c00000, 0x0000000707e00000|  0%| F|  |TAMS 0x0000000707c00000, 0x0000000707c00000| Untracked 
|  24|0x0000000707e00000, 0x0000000707e00000, 0x0000000708000000|  0%| F|  |TAMS 0x0000000707e00000, 0x0000000707e00000| Untracked 
|  25|0x0000000708000000, 0x0000000708000000, 0x0000000708200000|  0%| F|  |TAMS 0x0000000708000000, 0x0000000708000000| Untracked 
|  26|0x0000000708200000, 0x0000000708200000, 0x0000000708400000|  0%| F|  |TAMS 0x0000000708200000, 0x0000000708200000| Untracked 
|  27|0x0000000708400000, 0x0000000708400000, 0x0000000708600000|  0%| F|  |TAMS 0x0000000708400000, 0x0000000708400000| Untracked 
|  28|0x0000000708600000, 0x0000000708716fe0, 0x0000000708800000| 54%| S|CS|TAMS 0x0000000708600000, 0x0000000708600000| Complete 
|  29|0x0000000708800000, 0x0000000708a00000, 0x0000000708a00000|100%| S|CS|TAMS 0x0000000708800000, 0x0000000708800000| Complete 
|  30|0x0000000708a00000, 0x0000000708c00000, 0x0000000708c00000|100%| S|CS|TAMS 0x0000000708a00000, 0x0000000708a00000| Complete 
|  31|0x0000000708c00000, 0x0000000708c00000, 0x0000000708e00000|  0%| F|  |TAMS 0x0000000708c00000, 0x0000000708c00000| Untracked 
|  32|0x0000000708e00000, 0x0000000708e00000, 0x0000000709000000|  0%| F|  |TAMS 0x0000000708e00000, 0x0000000708e00000| Untracked 
|  33|0x0000000709000000, 0x0000000709000000, 0x0000000709200000|  0%| F|  |TAMS 0x0000000709000000, 0x0000000709000000| Untracked 
|  34|0x0000000709200000, 0x0000000709200000, 0x0000000709400000|  0%| F|  |TAMS 0x0000000709200000, 0x0000000709200000| Untracked 
|  35|0x0000000709400000, 0x0000000709400000, 0x0000000709600000|  0%| F|  |TAMS 0x0000000709400000, 0x0000000709400000| Untracked 
|  36|0x0000000709600000, 0x0000000709600000, 0x0000000709800000|  0%| F|  |TAMS 0x0000000709600000, 0x0000000709600000| Untracked 
|  37|0x0000000709800000, 0x0000000709800000, 0x0000000709a00000|  0%| F|  |TAMS 0x0000000709800000, 0x0000000709800000| Untracked 
|  38|0x0000000709a00000, 0x0000000709a00000, 0x0000000709c00000|  0%| F|  |TAMS 0x0000000709a00000, 0x0000000709a00000| Untracked 
|  39|0x0000000709c00000, 0x0000000709c00000, 0x0000000709e00000|  0%| F|  |TAMS 0x0000000709c00000, 0x0000000709c00000| Untracked 
|  40|0x0000000709e00000, 0x0000000709e00000, 0x000000070a000000|  0%| F|  |TAMS 0x0000000709e00000, 0x0000000709e00000| Untracked 
|  41|0x000000070a000000, 0x000000070a000000, 0x000000070a200000|  0%| F|  |TAMS 0x000000070a000000, 0x000000070a000000| Untracked 
|  42|0x000000070a200000, 0x000000070a200000, 0x000000070a400000|  0%| F|  |TAMS 0x000000070a200000, 0x000000070a200000| Untracked 
|  43|0x000000070a400000, 0x000000070a400000, 0x000000070a600000|  0%| F|  |TAMS 0x000000070a400000, 0x000000070a400000| Untracked 
|  44|0x000000070a600000, 0x000000070a600000, 0x000000070a800000|  0%| F|  |TAMS 0x000000070a600000, 0x000000070a600000| Untracked 
|  45|0x000000070a800000, 0x000000070a800000, 0x000000070aa00000|  0%| F|  |TAMS 0x000000070a800000, 0x000000070a800000| Untracked 
|  46|0x000000070aa00000, 0x000000070aa00000, 0x000000070ac00000|  0%| F|  |TAMS 0x000000070aa00000, 0x000000070aa00000| Untracked 
| 107|0x0000000712400000, 0x0000000712400000, 0x0000000712600000|  0%| F|  |TAMS 0x0000000712400000, 0x0000000712400000| Untracked 
| 125|0x0000000714800000, 0x0000000714800000, 0x0000000714a00000|  0%| F|  |TAMS 0x0000000714800000, 0x0000000714800000| Untracked 

Card table byte_map: [0x000002159f640000,0x000002159fe20000] _byte_map_base: 0x000002159be19000

Marking Bits (Prev, Next): (CMBitMap*) 0x000002158a9bbeb0, (CMBitMap*) 0x000002158a9bbe70
 Prev Bits: [0x00000215a44d0000, 0x00000215a8398000)
 Next Bits: [0x00000215a0600000, 0x00000215a44c8000)

Polling page: 0x0000021588870000

Metaspace:

Usage:
  Non-class:     49.39 MB used.
      Class:      6.10 MB used.
       Both:     55.50 MB used.

Virtual space:
  Non-class space:       64.00 MB reserved,      49.75 MB ( 78%) committed,  1 nodes.
      Class space:        1.00 GB reserved,       6.44 MB ( <1%) committed,  1 nodes.
             Both:        1.06 GB reserved,      56.19 MB (  5%) committed. 

Chunk freelists:
   Non-Class:  14.22 MB
       Class:  9.61 MB
        Both:  23.83 MB

MaxMetaspaceSize: unlimited
CompressedClassSpaceSize: 1.00 GB
Initial GC threshold: 21.00 MB
Current GC threshold: 90.56 MB
CDS: on
MetaspaceReclaimPolicy: balanced
 - commit_granule_bytes: 65536.
 - commit_granule_words: 8192.
 - virtual_space_node_default_size: 8388608.
 - enlarge_chunks_in_place: 1.
 - new_chunks_are_fully_committed: 0.
 - uncommit_free_chunks: 1.
 - use_allocation_guard: 0.
 - handle_deallocations: 1.


Internal statistics:

num_allocs_failed_limit: 8.
num_arena_births: 774.
num_arena_deaths: 0.
num_vsnodes_births: 2.
num_vsnodes_deaths: 0.
num_space_committed: 899.
num_space_uncommitted: 0.
num_chunks_returned_to_freelist: 8.
num_chunks_taken_from_freelist: 2782.
num_chunk_merges: 8.
num_chunk_splits: 2017.
num_chunks_enlarged: 1565.
num_inconsistent_stats: 0.

CodeHeap 'non-profiled nmethods': size=120000Kb used=2897Kb max_used=2897Kb free=117102Kb
 bounds [0x00000215973e0000, 0x00000215976c0000, 0x000002159e910000]
CodeHeap 'profiled nmethods': size=120000Kb used=9665Kb max_used=10661Kb free=110335Kb
 bounds [0x000002158f910000, 0x0000021590380000, 0x0000021596e40000]
CodeHeap 'non-nmethods': size=5760Kb used=1319Kb max_used=1394Kb free=4440Kb
 bounds [0x0000021596e40000, 0x00000215970b0000, 0x00000215973e0000]
 total_blobs=5379 nmethods=4739 adapters=552
 compilation: enabled
              stopped_count=0, restarted_count=0
 full_count=0

Compilation events (20 events):
Event: 7.757 Thread 0x00000215ab0cbf90 5528       3       org.sonarsource.analyzer.commons.internal.json.simple.JSONObject::<init> (5 bytes)
Event: 7.757 Thread 0x00000215ab0cbf90 nmethod 5528 0x000002158fab1110 code [0x000002158fab12c0, 0x000002158fab14f8]
Event: 7.759 Thread 0x00000215ab0cbf90 5529       3       org.sonarsource.analyzer.commons.RuleMetadataLoader::isSupported (18 bytes)
Event: 7.759 Thread 0x00000215ab0cbf90 nmethod 5529 0x0000021590032110 code [0x00000215900322e0, 0x0000021590032598]
Event: 7.760 Thread 0x00000215ab0cbf90 5530       3       org.sonarsource.analyzer.commons.RuleMetadataLoader::getStringArray (63 bytes)
Event: 7.760 Thread 0x00000215ab0cbf90 nmethod 5530 0x0000021590081b10 code [0x0000021590081dc0, 0x0000021590082f78]
Event: 7.761 Thread 0x00000215ab0cbf90 5531       3       org.sonarsource.analyzer.commons.internal.json.simple.parser.Yylex::zzRefill (200 bytes)
Event: 7.762 Thread 0x00000215ab0cbf90 nmethod 5531 0x000002158f99a190 code [0x000002158f99a3a0, 0x000002158f99ab18]
Event: 7.762 Thread 0x00000215ab0cbf90 5532       3       org.sonarsource.analyzer.commons.RuleMetadataLoader::getUpperCaseString (12 bytes)
Event: 7.762 Thread 0x00000215ab0cbf90 nmethod 5532 0x0000021590031a90 code [0x0000021590031c80, 0x0000021590031fc8]
Event: 7.765 Thread 0x00000215ab0cbf90 5533       3       org.sonarsource.analyzer.commons.EducationRuleLoader::addSection (44 bytes)
Event: 7.766 Thread 0x00000215ab0cbf90 nmethod 5533 0x000002158f999090 code [0x000002158f999300, 0x000002158f999d58]
Event: 7.766 Thread 0x00000215ab0cbf90 5534   !   3       org.sonarsource.analyzer.commons.internal.json.simple.parser.JSONParser::parse (983 bytes)
Event: 7.770 Thread 0x00000215ab0cbf90 nmethod 5534 0x000002158f934410 code [0x000002158f9350c0, 0x000002158f93d8e8]
Event: 7.770 Thread 0x00000215ab0cbf90 5536   !   3       org.sonarsource.analyzer.commons.Resources::toString (137 bytes)
Event: 7.771 Thread 0x00000215ab0cbf90 nmethod 5536 0x000002158fbefd10 code [0x000002158fbeffe0, 0x000002158fbf0df8]
Event: 7.771 Thread 0x00000215ab0cbf90 5535       3       org.sonarsource.analyzer.commons.EducationRuleLoader::addSection (8 bytes)
Event: 7.771 Thread 0x00000215ab0cbf90 nmethod 5535 0x000002158f998d10 code [0x000002158f998ea0, 0x000002158f998fc8]
Event: 7.773 Thread 0x00000215ab0cbf90 5539   !   3       org.sonar.api.server.rule.internal.DefaultDebtRemediationFunctions::create (48 bytes)
Event: 7.774 Thread 0x00000215ab0cbf90 nmethod 5539 0x0000021590022610 code [0x0000021590022900, 0x0000021590023b18]

GC Heap History (20 events):
Event: 6.009 GC heap after
{Heap after GC invocations=13 (full 0):
 garbage-first heap   total 61440K, used 27166K [0x0000000704e00000, 0x0000000800000000)
  region size 2048K, 2 young (4096K), 2 survivors (4096K)
 Metaspace       used 50312K, committed 50944K, reserved 1114112K
  class space    used 5412K, committed 5696K, reserved 1048576K
}
Event: 6.438 GC heap before
{Heap before GC invocations=13 (full 0):
 garbage-first heap   total 61440K, used 41502K [0x0000000704e00000, 0x0000000800000000)
  region size 2048K, 10 young (20480K), 2 survivors (4096K)
 Metaspace       used 51880K, committed 52480K, reserved 1114112K
  class space    used 5586K, committed 5824K, reserved 1048576K
}
Event: 6.441 GC heap after
{Heap after GC invocations=14 (full 0):
 garbage-first heap   total 61440K, used 28964K [0x0000000704e00000, 0x0000000800000000)
  region size 2048K, 1 young (2048K), 1 survivors (2048K)
 Metaspace       used 51880K, committed 52480K, reserved 1114112K
  class space    used 5586K, committed 5824K, reserved 1048576K
}
Event: 6.749 GC heap before
{Heap before GC invocations=14 (full 0):
 garbage-first heap   total 61440K, used 43300K [0x0000000704e00000, 0x0000000800000000)
  region size 2048K, 9 young (18432K), 1 survivors (2048K)
 Metaspace       used 54175K, committed 54784K, reserved 1114112K
  class space    used 5907K, committed 6144K, reserved 1048576K
}
Event: 6.751 GC heap after
{Heap after GC invocations=15 (full 0):
 garbage-first heap   total 61440K, used 30148K [0x0000000704e00000, 0x0000000800000000)
  region size 2048K, 2 young (4096K), 2 survivors (4096K)
 Metaspace       used 54175K, committed 54784K, reserved 1114112K
  class space    used 5907K, committed 6144K, reserved 1048576K
}
Event: 6.971 GC heap before
{Heap before GC invocations=16 (full 0):
 garbage-first heap   total 61440K, used 46532K [0x0000000704e00000, 0x0000000800000000)
  region size 2048K, 10 young (20480K), 2 survivors (4096K)
 Metaspace       used 54351K, committed 55040K, reserved 1114112K
  class space    used 5929K, committed 6272K, reserved 1048576K
}
Event: 6.973 GC heap after
{Heap after GC invocations=17 (full 0):
 garbage-first heap   total 61440K, used 31707K [0x0000000704e00000, 0x0000000800000000)
  region size 2048K, 2 young (4096K), 2 survivors (4096K)
 Metaspace       used 54351K, committed 55040K, reserved 1114112K
  class space    used 5929K, committed 6272K, reserved 1048576K
}
Event: 7.029 GC heap before
{Heap before GC invocations=17 (full 0):
 garbage-first heap   total 61440K, used 46043K [0x0000000704e00000, 0x0000000800000000)
  region size 2048K, 9 young (18432K), 2 survivors (4096K)
 Metaspace       used 54372K, committed 55104K, reserved 1114112K
  class space    used 5929K, committed 6272K, reserved 1048576K
}
Event: 7.030 GC heap after
{Heap after GC invocations=18 (full 0):
 garbage-first heap   total 61440K, used 33242K [0x0000000704e00000, 0x0000000800000000)
  region size 2048K, 2 young (4096K), 2 survivors (4096K)
 Metaspace       used 54372K, committed 55104K, reserved 1114112K
  class space    used 5929K, committed 6272K, reserved 1048576K
}
Event: 7.170 GC heap before
{Heap before GC invocations=19 (full 0):
 garbage-first heap   total 65536K, used 45530K [0x0000000704e00000, 0x0000000800000000)
  region size 2048K, 9 young (18432K), 2 survivors (4096K)
 Metaspace       used 54916K, committed 55552K, reserved 1114112K
  class space    used 5981K, committed 6336K, reserved 1048576K
}
Event: 7.171 GC heap after
{Heap after GC invocations=20 (full 0):
 garbage-first heap   total 65536K, used 34663K [0x0000000704e00000, 0x0000000800000000)
  region size 2048K, 2 young (4096K), 2 survivors (4096K)
 Metaspace       used 54916K, committed 55552K, reserved 1114112K
  class space    used 5981K, committed 6336K, reserved 1048576K
}
Event: 7.241 GC heap before
{Heap before GC invocations=20 (full 0):
 garbage-first heap   total 65536K, used 48999K [0x0000000704e00000, 0x0000000800000000)
  region size 2048K, 9 young (18432K), 2 survivors (4096K)
 Metaspace       used 54945K, committed 55616K, reserved 1114112K
  class space    used 5981K, committed 6336K, reserved 1048576K
}
Event: 7.242 GC heap after
{Heap after GC invocations=21 (full 0):
 garbage-first heap   total 100352K, used 35695K [0x0000000704e00000, 0x0000000800000000)
  region size 2048K, 2 young (4096K), 2 survivors (4096K)
 Metaspace       used 54945K, committed 55616K, reserved 1114112K
  class space    used 5981K, committed 6336K, reserved 1048576K
}
Event: 7.385 GC heap before
{Heap before GC invocations=22 (full 0):
 garbage-first heap   total 100352K, used 70511K [0x0000000704e00000, 0x0000000800000000)
  region size 2048K, 20 young (40960K), 2 survivors (4096K)
 Metaspace       used 55002K, committed 55744K, reserved 1114112K
  class space    used 5985K, committed 6336K, reserved 1048576K
}
Event: 7.388 GC heap after
{Heap after GC invocations=23 (full 0):
 garbage-first heap   total 100352K, used 38653K [0x0000000704e00000, 0x0000000800000000)
  region size 2048K, 3 young (6144K), 3 survivors (6144K)
 Metaspace       used 55002K, committed 55744K, reserved 1114112K
  class space    used 5985K, committed 6336K, reserved 1048576K
}
Event: 7.448 GC heap before
{Heap before GC invocations=23 (full 0):
 garbage-first heap   total 100352K, used 75517K [0x0000000704e00000, 0x0000000800000000)
  region size 2048K, 21 young (43008K), 3 survivors (6144K)
 Metaspace       used 55007K, committed 55744K, reserved 1114112K
  class space    used 5985K, committed 6336K, reserved 1048576K
}
Event: 7.450 GC heap after
{Heap after GC invocations=24 (full 0):
 garbage-first heap   total 100352K, used 42800K [0x0000000704e00000, 0x0000000800000000)
  region size 2048K, 3 young (6144K), 3 survivors (6144K)
 Metaspace       used 55007K, committed 55744K, reserved 1114112K
  class space    used 5985K, committed 6336K, reserved 1048576K
}
Event: 7.537 GC heap before
{Heap before GC invocations=24 (full 0):
 garbage-first heap   total 100352K, used 75568K [0x0000000704e00000, 0x0000000800000000)
  region size 2048K, 19 young (38912K), 3 survivors (6144K)
 Metaspace       used 55531K, committed 56256K, reserved 1114112K
  class space    used 6056K, committed 6400K, reserved 1048576K
}
Event: 7.539 GC heap after
{Heap after GC invocations=25 (full 0):
 garbage-first heap   total 100352K, used 45490K [0x0000000704e00000, 0x0000000800000000)
  region size 2048K, 2 young (4096K), 2 survivors (4096K)
 Metaspace       used 55531K, committed 56256K, reserved 1114112K
  class space    used 6056K, committed 6400K, reserved 1048576K
}
Event: 7.781 GC heap before
{Heap before GC invocations=25 (full 0):
 garbage-first heap   total 100352K, used 78258K [0x0000000704e00000, 0x0000000800000000)
  region size 2048K, 18 young (36864K), 2 survivors (4096K)
 Metaspace       used 56827K, committed 57536K, reserved 1114112K
  class space    used 6249K, committed 6592K, reserved 1048576K
}

Dll operation events (8 events):
Event: 0.011 Loaded shared library C:\USERS\USER\APPDATA\LOCAL\MICROSOFT\VISUALSTUDIO\17.0_837530ED\EXTENSIONS\VDXKQMTC.BAI\Sloop\jre\bin\java.dll
Event: 0.038 Loaded shared library C:\USERS\USER\APPDATA\LOCAL\MICROSOFT\VISUALSTUDIO\17.0_837530ED\EXTENSIONS\VDXKQMTC.BAI\Sloop\jre\bin\jsvml.dll
Event: 0.155 Loaded shared library C:\Users\USER\AppData\Local\Microsoft\VisualStudio\17.0_837530ed\Extensions\vdxkqmtc.bai\Sloop\jre\bin\net.dll
Event: 0.158 Loaded shared library C:\Users\USER\AppData\Local\Microsoft\VisualStudio\17.0_837530ed\Extensions\vdxkqmtc.bai\Sloop\jre\bin\nio.dll
Event: 0.162 Loaded shared library C:\Users\USER\AppData\Local\Microsoft\VisualStudio\17.0_837530ed\Extensions\vdxkqmtc.bai\Sloop\jre\bin\zip.dll
Event: 0.259 Loaded shared library C:\USERS\USER\APPDATA\LOCAL\MICROSOFT\VISUALSTUDIO\17.0_837530ED\EXTENSIONS\VDXKQMTC.BAI\Sloop\jre\bin\verify.dll
Event: 0.331 Loaded shared library C:\Users\USER\AppData\Local\Microsoft\VisualStudio\17.0_837530ed\Extensions\vdxkqmtc.bai\Sloop\jre\bin\jimage.dll
Event: 2.336 Loaded shared library C:\Users\USER\AppData\Local\Microsoft\VisualStudio\17.0_837530ed\Extensions\vdxkqmtc.bai\Sloop\jre\bin\sunmscapi.dll

Deoptimization events (20 events):
Event: 7.614 Thread 0x00000215f15f0090 DEOPT PACKING pc=0x00000215974130c8 sp=0x000000fb78bfce50
Event: 7.614 Thread 0x00000215f15f0090 DEOPT UNPACKING pc=0x0000021596e969a3 sp=0x000000fb78bfcd00 mode 2
Event: 7.653 Thread 0x00000215f15f0090 Uncommon trap: trap_request=0xffffffbe fr.pc=0x0000021597460ae4 relative=0x00000000000006c4
Event: 7.653 Thread 0x00000215f15f0090 Uncommon trap: reason=profile_predicate action=maybe_recompile pc=0x0000021597460ae4 method=java.util.stream.ReferencePipeline.forEachWithCancel(Ljava/util/Spliterator;Ljava/util/stream/Sink;)Z @ 8 c2
Event: 7.653 Thread 0x00000215f15f0090 DEOPT PACKING pc=0x0000021597460ae4 sp=0x000000fb78bfcbd0
Event: 7.653 Thread 0x00000215f15f0090 DEOPT UNPACKING pc=0x0000021596e969a3 sp=0x000000fb78bfca20 mode 2
Event: 7.654 Thread 0x00000215f15f0090 DEOPT PACKING pc=0x000002158faed723 sp=0x000000fb78bfb940
Event: 7.654 Thread 0x00000215f15f0090 DEOPT UNPACKING pc=0x0000021596e97143 sp=0x000000fb78bfadb0 mode 0
Event: 7.656 Thread 0x00000215f15f0090 Uncommon trap: trap_request=0xffffffbe fr.pc=0x0000021597460ae4 relative=0x00000000000006c4
Event: 7.656 Thread 0x00000215f15f0090 Uncommon trap: reason=profile_predicate action=maybe_recompile pc=0x0000021597460ae4 method=java.util.stream.ReferencePipeline.forEachWithCancel(Ljava/util/Spliterator;Ljava/util/stream/Sink;)Z @ 8 c2
Event: 7.656 Thread 0x00000215f15f0090 DEOPT PACKING pc=0x0000021597460ae4 sp=0x000000fb78bfcbd0
Event: 7.656 Thread 0x00000215f15f0090 DEOPT UNPACKING pc=0x0000021596e969a3 sp=0x000000fb78bfca20 mode 2
Event: 7.656 Thread 0x00000215f15f0090 Uncommon trap: trap_request=0xffffffbe fr.pc=0x0000021597460ae4 relative=0x00000000000006c4
Event: 7.656 Thread 0x00000215f15f0090 Uncommon trap: reason=profile_predicate action=maybe_recompile pc=0x0000021597460ae4 method=java.util.stream.ReferencePipeline.forEachWithCancel(Ljava/util/Spliterator;Ljava/util/stream/Sink;)Z @ 8 c2
Event: 7.656 Thread 0x00000215f15f0090 DEOPT PACKING pc=0x0000021597460ae4 sp=0x000000fb78bfcbd0
Event: 7.656 Thread 0x00000215f15f0090 DEOPT UNPACKING pc=0x0000021596e969a3 sp=0x000000fb78bfca20 mode 2
Event: 7.656 Thread 0x00000215f15f0090 Uncommon trap: trap_request=0xffffffbe fr.pc=0x00000215974130c8 relative=0x0000000000000628
Event: 7.656 Thread 0x00000215f15f0090 Uncommon trap: reason=profile_predicate action=maybe_recompile pc=0x00000215974130c8 method=java.util.stream.ReferencePipeline.forEachWithCancel(Ljava/util/Spliterator;Ljava/util/stream/Sink;)Z @ 8 c2
Event: 7.656 Thread 0x00000215f15f0090 DEOPT PACKING pc=0x00000215974130c8 sp=0x000000fb78bfcb50
Event: 7.656 Thread 0x00000215f15f0090 DEOPT UNPACKING pc=0x0000021596e969a3 sp=0x000000fb78bfca18 mode 2

Classes unloaded (0 events):
No events

Classes redefined (0 events):
No events

Internal exceptions (20 events):
Event: 5.953 Thread 0x00000215f1337b80 Exception <a 'java/lang/NoSuchMethodError'{0x00000007077b1178}: 'java.lang.Object java.lang.invoke.DirectMethodHandle$Holder.invokeStaticInit(java.lang.Object, java.lang.Object, int)'> (0x00000007077b1178) 
thrown [s\src\hotspot\share\interpreter\linkResolver.cpp, line 759]
Event: 5.998 Thread 0x00000215f1337b80 Exception <a 'java/lang/NoSuchMethodError'{0x00000007075504b0}: 'java.lang.Object java.lang.invoke.DirectMethodHandle$Holder.newInvokeSpecial(java.lang.Object, java.lang.Object, java.lang.Object, java.lang.Object, int, java.lang.Object, java.lang.Object)'> (0x00000007075504b0) 
thrown [s\src\hotspot\share\interpreter\linkResolver.cpp, line 759]
Event: 6.005 Thread 0x00000215f1337b80 Exception <a 'java/lang/NoSuchMethodError'{0x000000070759d8a0}: 'java.lang.Object java.lang.invoke.DirectMethodHandle$Holder.newInvokeSpecial(java.lang.Object, java.lang.Object, java.lang.Object, java.lang.Object, java.lang.Object, int)'> (0x000000070759d8a0) 
thrown [s\src\hotspot\share\interpreter\linkResolver.cpp, line 759]
Event: 6.005 Thread 0x00000215f1337b80 Exception <a 'java/lang/NoSuchMethodError'{0x00000007075a78c8}: 'java.lang.Object java.lang.invoke.DirectMethodHandle$Holder.invokeSpecial(java.lang.Object, java.lang.Object, java.lang.Object, java.lang.Object, java.lang.Object, java.lang.Object, int)'> (0x00000007075a78c8) 
thrown [s\src\hotspot\share\interpreter\linkResolver.cpp, line 759]
Event: 6.278 Thread 0x00000215f15f0090 Exception <a 'sun/nio/fs/WindowsException'{0x00000007080fcfb8}> (0x00000007080fcfb8) 
thrown [s\src\hotspot\share\prims\jni.cpp, line 516]
Event: 6.279 Thread 0x00000215f15f0090 Exception <a 'sun/nio/fs/WindowsException'{0x00000007080fde18}> (0x00000007080fde18) 
thrown [s\src\hotspot\share\prims\jni.cpp, line 516]
Event: 6.279 Thread 0x00000215f15f0090 Exception <a 'java/io/FileNotFoundException'{0x00000007080fec00}> (0x00000007080fec00) 
thrown [s\src\hotspot\share\prims\jni.cpp, line 516]
Event: 6.291 Thread 0x00000215f15f0090 Exception <a 'sun/nio/fs/WindowsException'{0x0000000708103118}> (0x0000000708103118) 
thrown [s\src\hotspot\share\prims\jni.cpp, line 516]
Event: 6.293 Thread 0x00000215f15f0090 Exception <a 'sun/nio/fs/WindowsException'{0x0000000708113948}> (0x0000000708113948) 
thrown [s\src\hotspot\share\prims\jni.cpp, line 516]
Event: 6.293 Thread 0x00000215f15f0090 Exception <a 'sun/nio/fs/WindowsException'{0x0000000708113de8}> (0x0000000708113de8) 
thrown [s\src\hotspot\share\prims\jni.cpp, line 516]
Event: 6.303 Thread 0x00000215f15f0090 Exception <a 'sun/nio/fs/WindowsException'{0x0000000708172788}> (0x0000000708172788) 
thrown [s\src\hotspot\share\prims\jni.cpp, line 516]
Event: 6.304 Thread 0x00000215f15f0090 Exception <a 'sun/nio/fs/WindowsException'{0x0000000708172c28}> (0x0000000708172c28) 
thrown [s\src\hotspot\share\prims\jni.cpp, line 516]
Event: 6.757 Thread 0x00000215f15f0090 Exception <a 'java/lang/IncompatibleClassChangeError'{0x000000071487d308}: Found class java.lang.Object, but interface was expected> (0x000000071487d308) 
thrown [s\src\hotspot\share\interpreter\linkResolver.cpp, line 826]
Event: 7.515 Thread 0x00000215f15f0090 Exception <a 'java/lang/IncompatibleClassChangeError'{0x00000007090c9238}: Found class java.lang.Object, but interface was expected> (0x00000007090c9238) 
thrown [s\src\hotspot\share\interpreter\linkResolver.cpp, line 826]
Event: 7.523 Thread 0x00000215f15f0090 Exception <a 'java/lang/IncompatibleClassChangeError'{0x0000000709127d80}: Found class java.lang.Object, but interface was expected> (0x0000000709127d80) 
thrown [s\src\hotspot\share\interpreter\linkResolver.cpp, line 826]
Event: 7.601 Thread 0x00000215f15f0090 Exception <a 'java/lang/IncompatibleClassChangeError'{0x000000070a9de790}: Found class java.lang.Object, but interface was expected> (0x000000070a9de790) 
thrown [s\src\hotspot\share\interpreter\linkResolver.cpp, line 826]
Event: 7.610 Thread 0x00000215f15f0090 Exception <a 'java/lang/IncompatibleClassChangeError'{0x000000070a6484e0}: Found class java.lang.Object, but interface was expected> (0x000000070a6484e0) 
thrown [s\src\hotspot\share\interpreter\linkResolver.cpp, line 826]
Event: 7.611 Thread 0x00000215f15f0090 Exception <a 'java/lang/IncompatibleClassChangeError'{0x000000070a650d40}: Found class java.lang.Object, but interface was expected> (0x000000070a650d40) 
thrown [s\src\hotspot\share\interpreter\linkResolver.cpp, line 826]
Event: 7.612 Thread 0x00000215f15f0090 Exception <a 'java/lang/NoSuchMethodError'{0x000000070a656520}: 'java.lang.Object java.lang.invoke.DirectMethodHandle$Holder.invokeSpecialIFC(java.lang.Object, java.lang.Object, java.lang.Object, java.lang.Object, java.lang.Object)'> (0x000000070a656520) 
thrown [s\src\hotspot\share\interpreter\linkResolver.cpp, line 759]
Event: 7.614 Thread 0x00000215f15f0090 Exception <a 'java/lang/NoSuchMethodError'{0x000000070a66b810}: 'java.lang.Object java.lang.invoke.DirectMethodHandle$Holder.invokeSpecialIFC(java.lang.Object, java.lang.Object, java.lang.Object, java.lang.Object, java.lang.Object, java.lang.Object)'> (0x000000070a66b810) 
thrown [s\src\hotspot\share\interpreter\linkResolver.cpp, line 759]

VM Operations (20 events):
Event: 7.051 Executing VM operation: G1PauseCleanup done
Event: 7.054 Executing VM operation: HandshakeAllThreads
Event: 7.054 Executing VM operation: HandshakeAllThreads done
Event: 7.072 Executing VM operation: HandshakeAllThreads
Event: 7.073 Executing VM operation: HandshakeAllThreads done
Event: 7.170 Executing VM operation: G1CollectForAllocation
Event: 7.171 Executing VM operation: G1CollectForAllocation done
Event: 7.241 Executing VM operation: G1CollectForAllocation
Event: 7.242 Executing VM operation: G1CollectForAllocation done
Event: 7.257 Executing VM operation: G1PauseRemark
Event: 7.260 Executing VM operation: G1PauseRemark done
Event: 7.266 Executing VM operation: G1PauseCleanup
Event: 7.267 Executing VM operation: G1PauseCleanup done
Event: 7.385 Executing VM operation: G1CollectForAllocation
Event: 7.388 Executing VM operation: G1CollectForAllocation done
Event: 7.448 Executing VM operation: G1CollectForAllocation
Event: 7.450 Executing VM operation: G1CollectForAllocation done
Event: 7.537 Executing VM operation: G1CollectForAllocation
Event: 7.539 Executing VM operation: G1CollectForAllocation done
Event: 7.781 Executing VM operation: G1CollectForAllocation

Events (20 events):
Event: 7.078 Thread 0x00000215ab0ee5a0 flushing nmethod 0x0000021590298b90
Event: 7.078 Thread 0x00000215ab0ee5a0 flushing nmethod 0x00000215902a3190
Event: 7.078 Thread 0x00000215ab0ee5a0 flushing nmethod 0x00000215902b0110
Event: 7.078 Thread 0x00000215ab0ee5a0 flushing nmethod 0x00000215902b0d90
Event: 7.078 Thread 0x00000215ab0ee5a0 flushing nmethod 0x00000215902b2510
Event: 7.078 Thread 0x00000215ab0ee5a0 flushing nmethod 0x00000215902b2e90
Event: 7.079 Thread 0x00000215ab0ee5a0 flushing nmethod 0x00000215902bb510
Event: 7.079 Thread 0x00000215ab0ee5a0 flushing nmethod 0x00000215902bbf10
Event: 7.079 Thread 0x00000215ab0ee5a0 flushing nmethod 0x00000215902c6410
Event: 7.079 Thread 0x00000215ab0ee5a0 flushing nmethod 0x00000215902c6d10
Event: 7.516 loading class java/util/stream/ForEachOps$ForEachTask
Event: 7.516 loading class java/util/stream/ForEachOps$ForEachTask done
Event: 7.525 loading class java/util/zip/DeflaterInputStream
Event: 7.525 loading class java/util/zip/DeflaterInputStream done
Event: 7.549 loading class java/util/AbstractMap$SimpleEntry
Event: 7.549 loading class java/util/AbstractMap$SimpleEntry done
Event: 7.601 loading class java/util/stream/ReduceOps$1
Event: 7.601 loading class java/util/stream/ReduceOps$1 done
Event: 7.601 loading class java/util/stream/ReduceOps$1ReducingSink
Event: 7.602 loading class java/util/stream/ReduceOps$1ReducingSink done


Dynamic libraries:
0x00007ff6e2f60000 - 0x00007ff6e2f6e000 	C:\USERS\USER\APPDATA\LOCAL\MICROSOFT\VISUALSTUDIO\17.0_837530ED\EXTENSIONS\VDXKQMTC.BAI\Sloop\jre\bin\java.exe
0x00007ffc41ac0000 - 0x00007ffc41d27000 	C:\WINDOWS\SYSTEM32\ntdll.dll
0x00007ffc3fd90000 - 0x00007ffc3fe59000 	C:\WINDOWS\System32\KERNEL32.DLL
0x00007ffc3ec10000 - 0x00007ffc3efff000 	C:\WINDOWS\System32\KERNELBASE.dll
0x00007ffc3f390000 - 0x00007ffc3f4db000 	C:\WINDOWS\System32\ucrtbase.dll
0x00007ffbf4060000 - 0x00007ffbf407b000 	C:\USERS\USER\APPDATA\LOCAL\MICROSOFT\VISUALSTUDIO\17.0_837530ED\EXTENSIONS\VDXKQMTC.BAI\Sloop\jre\bin\VCRUNTIME140.dll
0x00007ffbf4260000 - 0x00007ffbf4277000 	C:\USERS\USER\APPDATA\LOCAL\MICROSOFT\VISUALSTUDIO\17.0_837530ED\EXTENSIONS\VDXKQMTC.BAI\Sloop\jre\bin\jli.dll
0x00007ffc41680000 - 0x00007ffc41845000 	C:\WINDOWS\System32\USER32.dll
0x00007ffc260f0000 - 0x00007ffc26383000 	C:\WINDOWS\WinSxS\amd64_microsoft.windows.common-controls_6595b64144ccf1df_6.0.26100.7309_none_3e05feeae336a044\COMCTL32.dll
0x00007ffc3f4e0000 - 0x00007ffc3f507000 	C:\WINDOWS\System32\win32u.dll
0x00007ffc41240000 - 0x00007ffc412e9000 	C:\WINDOWS\System32\msvcrt.dll
0x00007ffc3fd10000 - 0x00007ffc3fd3b000 	C:\WINDOWS\System32\GDI32.dll
0x00007ffc3f510000 - 0x00007ffc3f63c000 	C:\WINDOWS\System32\gdi32full.dll
0x00007ffc3f640000 - 0x00007ffc3f6e3000 	C:\WINDOWS\System32\msvcp_win.dll
0x00007ffc418c0000 - 0x00007ffc418f1000 	C:\WINDOWS\System32\IMM32.DLL
0x00007ffc05ff0000 - 0x00007ffc05ffc000 	C:\USERS\USER\APPDATA\LOCAL\MICROSOFT\VISUALSTUDIO\17.0_837530ED\EXTENSIONS\VDXKQMTC.BAI\Sloop\jre\bin\vcruntime140_1.dll
0x00007ffb98cb0000 - 0x00007ffb98d3d000 	C:\USERS\USER\APPDATA\LOCAL\MICROSOFT\VISUALSTUDIO\17.0_837530ED\EXTENSIONS\VDXKQMTC.BAI\Sloop\jre\bin\msvcp140.dll
0x00007ffb65710000 - 0x00007ffb66371000 	C:\USERS\USER\APPDATA\LOCAL\MICROSOFT\VISUALSTUDIO\17.0_837530ED\EXTENSIONS\VDXKQMTC.BAI\Sloop\jre\bin\server\jvm.dll
0x00007ffc40950000 - 0x00007ffc40a04000 	C:\WINDOWS\System32\ADVAPI32.dll
0x00007ffc3fbc0000 - 0x00007ffc3fc66000 	C:\WINDOWS\System32\sechost.dll
0x00007ffc3f860000 - 0x00007ffc3f978000 	C:\WINDOWS\System32\RPCRT4.dll
0x00007ffc3ea70000 - 0x00007ffc3eace000 	C:\WINDOWS\SYSTEM32\POWRPROF.dll
0x00007ffc39230000 - 0x00007ffc39265000 	C:\WINDOWS\SYSTEM32\WINMM.dll
0x00007ffc3d510000 - 0x00007ffc3d51b000 	C:\WINDOWS\SYSTEM32\VERSION.dll
0x00007ffc25ac0000 - 0x00007ffc25aca000 	C:\WINDOWS\SYSTEM32\WSOCK32.dll
0x00007ffc40b20000 - 0x00007ffc40b94000 	C:\WINDOWS\System32\WS2_32.dll
0x00007ffc3ea50000 - 0x00007ffc3ea64000 	C:\WINDOWS\SYSTEM32\UMPDC.dll
0x00007ffc3d980000 - 0x00007ffc3d99b000 	C:\WINDOWS\SYSTEM32\kernel.appcore.dll
0x00007ffc05ae0000 - 0x00007ffc05aea000 	C:\USERS\USER\APPDATA\LOCAL\MICROSOFT\VISUALSTUDIO\17.0_837530ED\EXTENSIONS\VDXKQMTC.BAI\Sloop\jre\bin\jimage.dll
0x00007ffc3bf50000 - 0x00007ffc3c192000 	C:\WINDOWS\SYSTEM32\DBGHELP.DLL
0x00007ffc3fe60000 - 0x00007ffc401e5000 	C:\WINDOWS\System32\combase.dll
0x00007ffc41160000 - 0x00007ffc41236000 	C:\WINDOWS\System32\OLEAUT32.dll
0x00007ffc26080000 - 0x00007ffc260bc000 	C:\WINDOWS\SYSTEM32\dbgcore.DLL
0x00007ffc3f6f0000 - 0x00007ffc3f795000 	C:\WINDOWS\System32\bcryptPrimitives.dll
0x00007ffbdcad0000 - 0x00007ffbdcaf5000 	C:\USERS\USER\APPDATA\LOCAL\MICROSOFT\VISUALSTUDIO\17.0_837530ED\EXTENSIONS\VDXKQMTC.BAI\Sloop\jre\bin\java.dll
0x00007ffb969e0000 - 0x00007ffb96ab7000 	C:\USERS\USER\APPDATA\LOCAL\MICROSOFT\VISUALSTUDIO\17.0_837530ED\EXTENSIONS\VDXKQMTC.BAI\Sloop\jre\bin\jsvml.dll
0x00007ffc401f0000 - 0x00007ffc40943000 	C:\WINDOWS\System32\SHELL32.dll
0x00007ffc3f190000 - 0x00007ffc3f2fa000 	C:\WINDOWS\System32\wintypes.dll
0x00007ffc3c540000 - 0x00007ffc3cd9e000 	C:\WINDOWS\SYSTEM32\windows.storage.dll
0x00007ffc41030000 - 0x00007ffc41125000 	C:\WINDOWS\System32\SHCORE.dll
0x00007ffc41850000 - 0x00007ffc418b6000 	C:\WINDOWS\System32\shlwapi.dll
0x00007ffc3eb30000 - 0x00007ffc3eb59000 	C:\WINDOWS\SYSTEM32\profapi.dll
0x00007ffbf4040000 - 0x00007ffbf4059000 	C:\Users\USER\AppData\Local\Microsoft\VisualStudio\17.0_837530ed\Extensions\vdxkqmtc.bai\Sloop\jre\bin\net.dll
0x00007ffc38000000 - 0x00007ffc38128000 	C:\WINDOWS\SYSTEM32\WINHTTP.dll
0x00007ffc3ded0000 - 0x00007ffc3df3b000 	C:\WINDOWS\system32\mswsock.dll
0x00007ffbf3600000 - 0x00007ffbf3616000 	C:\Users\USER\AppData\Local\Microsoft\VisualStudio\17.0_837530ed\Extensions\vdxkqmtc.bai\Sloop\jre\bin\nio.dll
0x00007ffbdc550000 - 0x00007ffbdc568000 	C:\Users\USER\AppData\Local\Microsoft\VisualStudio\17.0_837530ed\Extensions\vdxkqmtc.bai\Sloop\jre\bin\zip.dll
0x00007ffbf7160000 - 0x00007ffbf7170000 	C:\USERS\USER\APPDATA\LOCAL\MICROSOFT\VISUALSTUDIO\17.0_837530ED\EXTENSIONS\VDXKQMTC.BAI\Sloop\jre\bin\verify.dll
0x00007ffbf7110000 - 0x00007ffbf711e000 	C:\Users\USER\AppData\Local\Microsoft\VisualStudio\17.0_837530ed\Extensions\vdxkqmtc.bai\Sloop\jre\bin\sunmscapi.dll
0x00007ffc3f010000 - 0x00007ffc3f187000 	C:\WINDOWS\System32\CRYPT32.dll
0x00007ffc3e410000 - 0x00007ffc3e440000 	C:\WINDOWS\SYSTEM32\ncrypt.dll
0x00007ffc3e3c0000 - 0x00007ffc3e3ff000 	C:\WINDOWS\SYSTEM32\NTASN1.dll
0x00007ffc3e2c0000 - 0x00007ffc3e2db000 	C:\WINDOWS\SYSTEM32\CRYPTSP.dll
0x00007ffc3d8e0000 - 0x00007ffc3d91a000 	C:\WINDOWS\system32\rsaenh.dll
0x00007ffc3df80000 - 0x00007ffc3dfab000 	C:\WINDOWS\SYSTEM32\USERENV.dll
0x00007ffc3eb00000 - 0x00007ffc3eb2a000 	C:\WINDOWS\SYSTEM32\bcrypt.dll
0x00007ffc3e120000 - 0x00007ffc3e12c000 	C:\WINDOWS\SYSTEM32\CRYPTBASE.dll
0x00007ffc3d160000 - 0x00007ffc3d194000 	C:\WINDOWS\SYSTEM32\IPHLPAPI.DLL
0x00007ffc3fc80000 - 0x00007ffc3fc8a000 	C:\WINDOWS\System32\NSI.dll
0x00007ffc386f0000 - 0x00007ffc3870e000 	C:\WINDOWS\SYSTEM32\dhcpcsvc6.DLL
0x00007ffc38370000 - 0x00007ffc38393000 	C:\WINDOWS\SYSTEM32\dhcpcsvc.DLL
0x00007ffc3d1a0000 - 0x00007ffc3d2cc000 	C:\WINDOWS\SYSTEM32\DNSAPI.dll
0x00007ffc19a40000 - 0x00007ffc19a48000 	C:\WINDOWS\system32\wshunix.dll
0x00007ffc33b40000 - 0x00007ffc33b4b000 	C:\Windows\System32\rasadhlp.dll
0x00007ffc38b20000 - 0x00007ffc38ba6000 	C:\WINDOWS\System32\fwpuclnt.dll

dbghelp: loaded successfully - version: 4.0.5 - missing functions: none
symbol engine: initialized successfully - sym options: 0x614 - pdb path: .;C:\USERS\USER\APPDATA\LOCAL\MICROSOFT\VISUALSTUDIO\17.0_837530ED\EXTENSIONS\VDXKQMTC.BAI\Sloop\jre\bin;C:\WINDOWS\SYSTEM32;C:\WINDOWS\WinSxS\amd64_microsoft.windows.common-controls_6595b64144ccf1df_6.0.26100.7309_none_3e05feeae336a044;C:\USERS\USER\APPDATA\LOCAL\MICROSOFT\VISUALSTUDIO\17.0_837530ED\EXTENSIONS\VDXKQMTC.BAI\Sloop\jre\bin\server

VM Arguments:
java_command: org.sonarsource.sonarlint.core.backend.cli.SonarLintServerCli
java_class_path (initial): C:\USERS\USER\APPDATA\LOCAL\MICROSOFT\VISUALSTUDIO\17.0_837530ED\EXTENSIONS\VDXKQMTC.BAI\Sloop\lib\annotations-13.0.jar;C:\USERS\USER\APPDATA\LOCAL\MICROSOFT\VISUALSTUDIO\17.0_837530ED\EXTENSIONS\VDXKQMTC.BAI\Sloop\lib\ayza-10.0.0.jar;C:\USERS\USER\APPDATA\LOCAL\MICROSOFT\VISUALSTUDIO\17.0_837530ED\EXTENSIONS\VDXKQMTC.BAI\Sloop\lib\checker-qual-3.43.0.jar;C:\USERS\USER\APPDATA\LOCAL\MICROSOFT\VISUALSTUDIO\17.0_837530ED\EXTENSIONS\VDXKQMTC.BAI\Sloop\lib\commons-codec-1.17.2.jar;C:\USERS\USER\APPDATA\LOCAL\MICROSOFT\VISUALSTUDIO\17.0_837530ED\EXTENSIONS\VDXKQMTC.BAI\Sloop\lib\commons-compress-1.27.1.jar;C:\USERS\USER\APPDATA\LOCAL\MICROSOFT\VISUALSTUDIO\17.0_837530ED\EXTENSIONS\VDXKQMTC.BAI\Sloop\lib\commons-csv-1.13.0.jar;C:\USERS\USER\APPDATA\LOCAL\MICROSOFT\VISUALSTUDIO\17.0_837530ED\EXTENSIONS\VDXKQMTC.BAI\Sloop\lib\commons-io-2.18.0.jar;C:\USERS\USER\APPDATA\LOCAL\MICROSOFT\VISUALSTUDIO\17.0_837530ED\EXTENSIONS\VDXKQMTC.BAI\Sloop\lib\commons-lang3-3.18.0.jar;C:\USERS\USER\APPDATA\LOCAL\MICROSOFT\VISUALSTUDIO\17.0_837530ED\EXTENSIONS\VDXKQMTC.BAI\Sloop\lib\commons-text-1.13.1.jar;C:\USERS\USER\APPDATA\LOCAL\MICROSOFT\VISUALSTUDIO\17.0_837530ED\EXTENSIONS\VDXKQMTC.BAI\Sloop\lib\error_prone_annotations-2.36.0.jar;C:\USERS\USER\APPDATA\LOCAL\MICROSOFT\VISUALSTUDIO\17.0_837530ED\EXTENSIONS\VDXKQMTC.BAI\Sloop\lib\failureaccess-1.0.2.jar;C:\USERS\USER\APPDATA\LOCAL\MICROSOFT\VISUALSTUDIO\17.0_837530ED\EXTENSIONS\VDXKQMTC.BAI\Sloop\lib\flyway-core-11.14.0.jar;C:\USERS\USER\APPDATA\LOCAL\MICROSOFT\VISUALSTUDIO\17.0_837530ED\EXTENSIONS\VDXKQMTC.BAI\Sloop\lib\git-files-blame-2.0.1.17.jar;C:\USERS\USER\APPDATA\LOCAL\MICROSOFT\VISUALSTUDIO\17.0_837530ED\EXTENSIONS\VDXKQMTC.BAI\Sloop\lib\gson-2.10.jar;C:\USERS\USER\APPDATA\LOCAL\MICROSOFT\VISUALSTUDIO\17.0_837530ED\EXTENSIONS\VDXKQMTC.BAI\Sloop\lib\guava-33.4.0-jre.jar;C:\USERS\USER\APPDATA\LOCAL\MICROSOFT\VISUALSTUDIO\17.0_837530ED\EXTENSIONS\VDXKQMTC.BAI\Sloop\lib\h2-2.4.240.jar;C:\USERS\USER\APP
Launcher Type: SUN_STANDARD

[Global flags]
     intx CICompilerCount                          = 4                                         {product} {ergonomic}
     uint ConcGCThreads                            = 3                                         {product} {ergonomic}
     uint G1ConcRefinementThreads                  = 10                                        {product} {ergonomic}
   size_t G1HeapRegionSize                         = 2097152                                   {product} {ergonomic}
    uintx GCDrainStackTargetSize                   = 64                                        {product} {ergonomic}
   size_t InitialHeapSize                          = 264241152                                 {product} {ergonomic}
   size_t MarkStackSize                            = 4194304                                   {product} {ergonomic}
   size_t MaxHeapSize                              = 4213178368                                {product} {ergonomic}
   size_t MaxNewSize                               = 2527068160                                {product} {ergonomic}
   size_t MinHeapDeltaBytes                        = 2097152                                   {product} {ergonomic}
   size_t MinHeapSize                              = 8388608                                   {product} {ergonomic}
    uintx NonNMethodCodeHeapSize                   = 5839372                                {pd product} {ergonomic}
    uintx NonProfiledCodeHeapSize                  = 122909434                              {pd product} {ergonomic}
    uintx ProfiledCodeHeapSize                     = 122909434                              {pd product} {ergonomic}
    uintx ReservedCodeCacheSize                    = 251658240                              {pd product} {ergonomic}
     bool SegmentedCodeCache                       = true                                      {product} {ergonomic}
   size_t SoftMaxHeapSize                          = 4213178368                             {manageable} {ergonomic}
     bool UseCompressedClassPointers               = true                           {product lp64_product} {ergonomic}
     bool UseCompressedOops                        = true                           {product lp64_product} {ergonomic}
     bool UseG1GC                                  = true                                      {product} {ergonomic}
     bool UseLargePagesIndividualAllocation        = false                                  {pd product} {ergonomic}

Logging:
Log output configuration:
 #0: stdout all=warning uptime,level,tags
 #1: stderr all=off uptime,level,tags

Environment Variables:
PATH=C:\Program Files\Microsoft MPI\Bin\;C:\Python313\Scripts\;C:\Python313\;C:\Program Files\Common Files\Oracle\Java\javapath;C:\Python312\Scripts\;C:\Python312\;C:\WINDOWS\system32;C:\WINDOWS;C:\WINDOWS\System32\Wbem;C:\WINDOWS\System32\WindowsPowerShell\v1.0\;C:\WINDOWS\System32\OpenSSH\;C:\Program Files\Microsoft SQL Server\150\Tools\Binn\;C:\Program Files\Microsoft SQL Server\Client SDK\ODBC\170\Tools\Binn\;C:\Program Files (x86)\Microsoft SQL Server\160\Tools\Binn\;C:\Program Files\Microsoft SQL Server\160\Tools\Binn\;C:\Program Files\Microsoft SQL Server\160\DTS\Binn\;C:\Program Files\Git\cmd;C:\Program Files\Microsoft SQL Server\130\DTS\Binn\;C:\Program Files\Microsoft SQL Server\140\DTS\Binn\;C:\Program Files\Microsoft SQL Server\150\DTS\Binn\;C:\flutter;C:\flutter\bin;C:\Program Files\Dart\dart-sdk\bin;C:\ProgramData\chocolatey\bin;C:\Program Files\Docker\Docker\resources\bin;C:\Program Files\Java\jdk-17;C:\Program Files\Java\jdk-17\bin;C:\Users\USER\AppData\Local\Android\Sdk\build-tools;C:\Users\USER\AppData\Local\Android\Sdk\platform-tools;C:\Users\USER\AppData\Local\Android\Sdk\cmdline-tools\latest\bin;C:\Program Files\dotnet\;C:\Program Files\nodejs\;C:\Program Files (x86)\Microsoft SQL Server\160\DTS\Binn\;c:\Users\USER\AppData\Local\Programs\cursor\resources\app\bin;c:\Users\USER\AppData\Local\Programs\cursor\resources\app\bin;C:\Users\USER\AppData\Local\Microsoft\WindowsApps;C:\Users\USER\AppData\Local\Programs\Microsoft VS Code\bin;C:\Program Files\JetBrains\PyCharm Community Edition 2024.1.4\bin;;C:\Users\USER\AppData\Roaming\npm;C:\Users\USER\AppData\Local\Programs\cursor\resources\app\bin;C:\Users\USER\AppData\Local\Microsoft\WinGet\Packages\FiloSottile.mkcert_Microsoft.Winget.Source_8wekyb3d8bbwe;C:\Users\USER\AppData\Local\GitHubDesktop\bin;C:\Users\USER\.dotnet\tools;C:\Users\USER\AppData\Local\Programs\Antigravity\bin
USERNAME=USER
OS=Windows_NT
PROCESSOR_IDENTIFIER=Intel64 Family 6 Model 186 Stepping 3, GenuineIntel
TMP=C:\Users\USER\AppData\Local\Temp
TEMP=C:\Users\USER\AppData\Local\Temp



Periodic native trim disabled


---------------  S Y S T E M  ---------------

OS:
 Windows 11 , 64 bit Build 26100 (10.0.26100.7309)
OS uptime: 4 days 3:05 hours
Hyper-V role detected

CPU: total 12 (initial active 12) (6 cores per cpu, 2 threads per core) family 6 model 186 stepping 3 microcode 0x4119, cx8, cmov, fxsr, ht, mmx, 3dnowpref, sse, sse2, sse3, ssse3, sse4.1, sse4.2, popcnt, lzcnt, tsc, tscinvbit, avx, avx2, aes, erms, clmul, bmi1, bmi2, adx, sha, fma, vzeroupper, clflush, clflushopt, clwb, hv
Processor Information for processor 0
  Max Mhz: 1700, Current Mhz: 1700, Mhz Limit: 1700
Processor Information for processor 1
  Max Mhz: 1700, Current Mhz: 1700, Mhz Limit: 1700
Processor Information for processor 2
  Max Mhz: 1700, Current Mhz: 1700, Mhz Limit: 1700
Processor Information for processor 3
  Max Mhz: 1700, Current Mhz: 1700, Mhz Limit: 1700
Processor Information for processor 4
  Max Mhz: 1700, Current Mhz: 1200, Mhz Limit: 1190
Processor Information for processor 5
  Max Mhz: 1700, Current Mhz: 1200, Mhz Limit: 1190
Processor Information for processor 6
  Max Mhz: 1700, Current Mhz: 1200, Mhz Limit: 1190
Processor Information for processor 7
  Max Mhz: 1700, Current Mhz: 1200, Mhz Limit: 1190
Processor Information for processor 8
  Max Mhz: 1700, Current Mhz: 1200, Mhz Limit: 1190
Processor Information for processor 9
  Max Mhz: 1700, Current Mhz: 1200, Mhz Limit: 1190
Processor Information for processor 10
  Max Mhz: 1700, Current Mhz: 1200, Mhz Limit: 1190
Processor Information for processor 11
  Max Mhz: 1700, Current Mhz: 1200, Mhz Limit: 1190

Memory: 4k page, system-wide physical 16065M (903M free)
TotalPageFile size 37245M (AvailPageFile size 14M)
current process WorkingSet (physical memory assigned to process): 293M, peak: 294M
current process commit charge ("private bytes"): 332M, peak: 402M

vm_info: OpenJDK 64-Bit Server VM (17.0.9+9) for windows-amd64 JRE (17.0.9+9), built on Oct 26 2023 14:01:42 by "admin" with MS VC++ 16.10 / 16.11 (VS2019)

END.
